<ul><li>Hello world</li><li>It never sleeps</li><li>It just idles</li></ul>