<ul><li><a>Hello world</a></li><li><a>It never sleeps</a></li><li><a>It just idles</a></li></ul>